.\venv\Scripts\python.exe 
: ImportError while 
loading conftest 'D:\codew
atch-code-review-agent\cod
e-review-agent\backend\tes
ts\conftest.py'.
At line:1 char:1
+ 
.\venv\Scripts\python.exe 
-m pytest tests\ -v > 
pytest_output.txt 2>& ...
+ ~~~~~~~~~~~~~~~~~~~~~~~~
~~~~~~~~~~~~~~~~~~~~~~~~~~
~~~~~~~~~~~~~~~~~~~
    + CategoryInfo        
      : NotSpecified: (I  
  mportError whi...s\co   
 nftest.py'.:String) [    
], RemoteException
    + FullyQualifiedError 
   Id : NativeCommandErr  
  or
 
tests\conftest.py:10: in 
<module>
    from main import app
main.py:1: in <module>
    from fastapi import 
FastAPI
E   ModuleNotFoundError: 
No module named 'fastapi'
